// Vitest Snapshot v1

exports[`<Container /> > should render the container 1`] = `
.c0 {
  padding-left: 15px;
  padding-right: 15px;
  display: -webkit-box;
  display: -webkit-flex;
  display: -ms-flexbox;
  display: flex;
  -webkit-flex-direction: column;
  -ms-flex-direction: column;
  flex-direction: column;
  height: 100%;
}

<div
  class="c0"
>
  <span>
    App vendas
  </span>
</div>
`;
