// Vitest Snapshot v1

exports[`<Menu /> > should render the menu 1`] = `
.c0 {
  display: -webkit-box;
  display: -webkit-flex;
  display: -ms-flexbox;
  display: flex;
}

.c0 svg {
  color: #FAFAFA;
  font-size: 2.8rem;
}

<button
  class="c0"
>
  <svg
    aria-label="menu"
    fill="currentColor"
    height="1em"
    stroke="currentColor"
    stroke-width="0"
    viewBox="0 0 24 24"
    width="1em"
    xmlns="http://www.w3.org/2000/svg"
  >
    <path
      d="M4 6h16v2H4zm0 5h16v2H4zm0 5h16v2H4z"
    />
  </svg>
</button>
`;
