// Vitest Snapshot v1

exports[`<Header /> > should render the HEADER 1`] = `
.c3 {
  display: -webkit-box;
  display: -webkit-flex;
  display: -ms-flexbox;
  display: flex;
}

.c3 svg {
  color: #FAFAFA;
  font-size: 2.8rem;
}

.c4 {
  position: absolute;
  height: 100%;
  width: 320px;
  right: 0;
  z-index: 100;
  bottom: 0;
  background-color: #030517;
  -webkit-transition: -webkit-transform 0.2s ease-in;
  -webkit-transition: transform 0.2s ease-in;
  transition: transform 0.2s ease-in;
  -webkit-transform: translateX(100%);
  -ms-transform: translateX(100%);
  transform: translateX(100%);
}

.c6 {
  padding: 10px 20px;
  border-top: 0.5px solid rgba(255,255,255,0.1);
  display: -webkit-box;
  display: -webkit-flex;
  display: -ms-flexbox;
  display: flex;
  -webkit-align-items: center;
  -webkit-box-align: center;
  -ms-flex-align: center;
  align-items: center;
}

.c6:first-child {
  border: 0;
}

.c6 svg {
  margin-right: 5px;
}

.c6 a,
.c6 svg {
  color: #FAFAFA;
}

.c5 {
  text-align: right;
  padding: 0px 5px;
}

.c5 svg {
  color: #FAFAFA;
  font-size: 2.8rem;
}

.c0 {
  background-color: #6e17c8;
  display: -webkit-box;
  display: -webkit-flex;
  display: -ms-flexbox;
  display: flex;
  -webkit-align-items: center;
  -webkit-box-align: center;
  -ms-flex-align: center;
  align-items: center;
  -webkit-box-pack: justify;
  -webkit-justify-content: space-between;
  -ms-flex-pack: justify;
  justify-content: space-between;
  padding: 20px 15px;
}

.c1 {
  color: #FAFAFA;
  font-size: 2.8rem;
}

.c2 {
  color: #FAFAFA;
  font-size: 1.6rem;
}

<div
  class="c0"
>
  <svg
    class="c1"
    fill="currentColor"
    height="1em"
    stroke="currentColor"
    stroke-width="0"
    viewBox="0 0 24 24"
    width="1em"
    xmlns="http://www.w3.org/2000/svg"
  >
    <path
      d="M12 2A10.13 10.13 0 0 0 2 12a10 10 0 0 0 4 7.92V20h.1a9.7 9.7 0 0 0 11.8 0h.1v-.08A10 10 0 0 0 22 12 10.13 10.13 0 0 0 12 2zM8.07 18.93A3 3 0 0 1 11 16.57h2a3 3 0 0 1 2.93 2.36 7.75 7.75 0 0 1-7.86 0zm9.54-1.29A5 5 0 0 0 13 14.57h-2a5 5 0 0 0-4.61 3.07A8 8 0 0 1 4 12a8.1 8.1 0 0 1 8-8 8.1 8.1 0 0 1 8 8 8 8 0 0 1-2.39 5.64z"
    />
    <path
      d="M12 6a3.91 3.91 0 0 0-4 4 3.91 3.91 0 0 0 4 4 3.91 3.91 0 0 0 4-4 3.91 3.91 0 0 0-4-4zm0 6a1.91 1.91 0 0 1-2-2 1.91 1.91 0 0 1 2-2 1.91 1.91 0 0 1 2 2 1.91 1.91 0 0 1-2 2z"
    />
  </svg>
  <h1
    class="c2"
  >
    App de Vendas
  </h1>
  <button
    class="c3"
  >
    <svg
      aria-label="menu"
      fill="currentColor"
      height="1em"
      stroke="currentColor"
      stroke-width="0"
      viewBox="0 0 24 24"
      width="1em"
      xmlns="http://www.w3.org/2000/svg"
    >
      <path
        d="M4 6h16v2H4zm0 5h16v2H4zm0 5h16v2H4z"
      />
    </svg>
  </button>
  <nav
    aria-hidden="true"
    class="c4"
  >
    <div
      class="c5"
    >
      <button>
        <svg
          fill="currentColor"
          height="1em"
          stroke="currentColor"
          stroke-width="0"
          viewBox="0 0 24 24"
          width="1em"
          xmlns="http://www.w3.org/2000/svg"
        >
          <path
            d="m16.192 6.344-4.243 4.242-4.242-4.242-1.414 1.414L10.535 12l-4.242 4.242 1.414 1.414 4.242-4.242 4.243 4.242 1.414-1.414L13.364 12l4.242-4.242z"
          />
        </svg>
      </button>
    </div>
    <div
      class="c6"
    >
      <svg
        fill="currentColor"
        height="1em"
        stroke="currentColor"
        stroke-width="0"
        viewBox="0 0 24 24"
        width="1em"
        xmlns="http://www.w3.org/2000/svg"
      >
        <path
          d="M10 3H4a1 1 0 0 0-1 1v6a1 1 0 0 0 1 1h6a1 1 0 0 0 1-1V4a1 1 0 0 0-1-1zM9 9H5V5h4v4zm5 2h6a1 1 0 0 0 1-1V4a1 1 0 0 0-1-1h-6a1 1 0 0 0-1 1v6a1 1 0 0 0 1 1zm1-6h4v4h-4V5zM3 20a1 1 0 0 0 1 1h6a1 1 0 0 0 1-1v-6a1 1 0 0 0-1-1H4a1 1 0 0 0-1 1v6zm2-5h4v4H5v-4zm8 5a1 1 0 0 0 1 1h6a1 1 0 0 0 1-1v-6a1 1 0 0 0-1-1h-6a1 1 0 0 0-1 1v6zm2-5h4v4h-4v-4z"
        />
      </svg>
      <a
        href="/reports"
      >
        Dashboard
      </a>
    </div>
    <div
      class="c6"
    >
      <svg
        fill="currentColor"
        height="1em"
        stroke="currentColor"
        stroke-width="0"
        viewBox="0 0 24 24"
        width="1em"
        xmlns="http://www.w3.org/2000/svg"
      >
        <path
          d="M12 2a5 5 0 1 0 5 5 5 5 0 0 0-5-5zm0 8a3 3 0 1 1 3-3 3 3 0 0 1-3 3zm9 11v-1a7 7 0 0 0-7-7h-4a7 7 0 0 0-7 7v1h2v-1a5 5 0 0 1 5-5h4a5 5 0 0 1 5 5v1z"
        />
      </svg>
      <a
        href="/"
      >
        Clientes
      </a>
    </div>
  </nav>
</div>
`;
